###############################################################################
#
# IAR ELF Linker V8.42.1.233/W32 for ARM                  19/Jan/2020  02:38:12
# Copyright 2007-2019 IAR Systems AB.
#
#    Output file  =
#        C:\Developer\STM32L475\rtos_scratch\rtos_scratch\Debug\Exe\rtos_scratch.out
#    Map file     =
#        C:\Developer\STM32L475\rtos_scratch\rtos_scratch\Debug\List\rtos_scratch.map
#    Command line =
#        -f C:\Users\ANDRES~1\AppData\Local\Temp\EW2448.tmp
#        (C:\Developer\STM32L475\rtos_scratch\rtos_scratch\Debug\Obj\bsp.o
#        C:\Developer\STM32L475\rtos_scratch\rtos_scratch\Debug\Obj\main.o
#        C:\Developer\STM32L475\rtos_scratch\rtos_scratch\Debug\Obj\startup.o
#        C:\Developer\STM32L475\rtos_scratch\rtos_scratch\Debug\Obj\system_stm32l4xx.o
#        --no_out_extension -o
#        C:\Developer\STM32L475\rtos_scratch\rtos_scratch\Debug\Exe\rtos_scratch.out
#        --map
#        C:\Developer\STM32L475\rtos_scratch\rtos_scratch\Debug\List\rtos_scratch.map
#        --config "C:\Program Files (x86)\IAR Systems\Embedded Workbench
#        8.4\arm\config\linker\ST\stm32l475xG.icf" --semihosting --entry
#        __iar_program_start --vfe --text_out locale)
#
###############################################################################

*******************************************************************************
*** RUNTIME MODEL ATTRIBUTES
***

CppFlavor       = *
__SystemLibrary = DLib
__dlib_version  = 6


*******************************************************************************
*** HEAP SELECTION
***

The basic heap was selected because some modules are built with
size limitations (and not runtime checking), and --advanced_heap
was not specified.


*******************************************************************************
*** PLACEMENT SUMMARY
***

"A0":  place at address 0x800'0000 { ro section .intvec };
"P1":  place in [from 0x0 to 0x0] |
                [from 0x800'0000 to 0x80f'ffff] { ro };
define block CSTACK with size = 8K, alignment = 8 { };
define block PROC_STACK with size = 0, alignment = 8 { };
define block HEAP with size = 8K, alignment = 8 { };
"P3":  place in [from 0x2000'0000 to 0x2001'7fff] {
          rw, block CSTACK, block PROC_STACK, block HEAP };
initialize by copy { rw };

No sections matched the following patterns:

  ro section application_specific_ro  in "P2|P5"
  rw section application_specific_rw  in "P2|P5"
  section .textrw                     in "P4"


  Section            Kind         Address    Size  Object
  -------            ----         -------    ----  ------
"A0":                                       0x188
  .intvec            const     0x800'0000   0x188  startup.o [1]
                             - 0x800'0188   0x188

"P1":                                       0x3b8
  .text              ro code   0x800'0188   0x176  bsp.o [1]
  .text              ro code   0x800'02fe    0x3a  zero_init3.o [3]
  .text              ro code   0x800'0338   0x108  main.o [1]
  .text              ro code   0x800'0440    0x2e  copy_init3.o [3]
  .text              ro code   0x800'046e     0x2  startup.o [1]
  .text              ro code   0x800'0470    0x28  data_init.o [3]
  .iar.init_table    const     0x800'0498    0x24  - Linker created -
  .text              ro code   0x800'04bc    0x1e  cmain.o [3]
  .text              ro code   0x800'04da     0x4  low_level_init.o [2]
  .text              ro code   0x800'04de     0x4  exit.o [2]
  .text              ro code   0x800'04e4     0xa  cexit.o [3]
  .text              ro code   0x800'04f0    0x14  exit.o [4]
  .text              ro code   0x800'0504    0x18  startup.o [1]
  .text              ro code   0x800'051c     0xc  cstartup_M.o [3]
  .rodata            const     0x800'0528    0x10  startup.o [1]
  .rodata            const     0x800'0538     0x0  zero_init3.o [3]
  .rodata            const     0x800'0538     0x0  copy_init3.o [3]
  Initializer bytes  const     0x800'0538     0x8  <for P3 s0>
                             - 0x800'0540   0x3b8

"P3", part 1 of 3:                            0x8
  P3 s0                       0x2000'0000     0x8  <Init block>
    .data            inited   0x2000'0000     0x4  main.o [1]
    .data            inited   0x2000'0004     0x4  main.o [1]
                            - 0x2000'0008     0x8

"P3", part 2 of 3:                          0x144
  .bss               zero     0x2000'0008    0xa0  main.o [1]
  .bss               zero     0x2000'00a8    0xa0  main.o [1]
  .bss               zero     0x2000'0148     0x4  bsp.o [1]
                            - 0x2000'014c   0x144

"P3", part 3 of 3:                         0x2000
  CSTACK                      0x2000'0150  0x2000  <Block>
    CSTACK           uninit   0x2000'0150  0x2000  <Block tail>
                            - 0x2000'2150  0x2000

Unused ranges:

         From           To      Size
         ----           --      ----
          0x0          0x0       0x1
   0x800'0540   0x80f'ffff  0xf'fac0
  0x2000'014c  0x2000'014f       0x4
  0x2000'2150  0x2001'7fff  0x1'5eb0


*******************************************************************************
*** INIT TABLE
***

          Address      Size
          -------      ----
Zero (__iar_zero_init3)
    1 destination range, total size 0x144:
          0x2000'0008  0x144

Copy (__iar_copy_init3)
    1 source range, total size 0x8:
           0x800'0538    0x8
    1 destination range, total size 0x8:
          0x2000'0000    0x8



*******************************************************************************
*** MODULE SUMMARY
***

    Module            ro code  ro data  rw data
    ------            -------  -------  -------
command line/config:
    -------------------------------------------
    Total:

C:\Developer\STM32L475\rtos_scratch\rtos_scratch\Debug\Obj: [1]
    bsp.o                 374                 4
    main.o                264        8      328
    startup.o              26      408
    -------------------------------------------
    Total:                664      416      332

dl7M_tln.a: [2]
    exit.o                  4
    low_level_init.o        4
    -------------------------------------------
    Total:                  8

rt7M_tl.a: [3]
    cexit.o                10
    cmain.o                30
    copy_init3.o           46
    cstartup_M.o           12
    data_init.o            40
    zero_init3.o           58
    -------------------------------------------
    Total:                196

shb_l.a: [4]
    exit.o                 20
    -------------------------------------------
    Total:                 20

    Gaps                    4
    Linker created                  36    8'192
-----------------------------------------------
    Grand Total:          892      452    8'524


*******************************************************************************
*** ENTRY LIST
***

Entry                       Address   Size  Type      Object
-----                       -------   ----  ----      ------
.iar.init_table$$Base    0x800'0498          --   Gb  - Linker created -
.iar.init_table$$Limit   0x800'04bc          --   Gb  - Linker created -
?main                    0x800'04bd         Code  Gb  cmain.o [3]
BSP_delay                0x800'01bf   0x16  Code  Gb  bsp.o [1]
BSP_getTick              0x800'01b5    0xa  Code  Gb  bsp.o [1]
BSP_init                 0x800'01a5   0x10  Code  Gb  bsp.o [1]
BSP_ledOneOff            0x800'01e3    0xe  Code  Gb  bsp.o [1]
BSP_ledOneOn             0x800'01d5    0xe  Code  Gb  bsp.o [1]
BSP_ledTwoOff            0x800'01fd    0xc  Code  Gb  bsp.o [1]
BSP_ledTwoOn             0x800'01f1    0xc  Code  Gb  bsp.o [1]
CSTACK$$Base            0x2000'0150          --   Gb  - Linker created -
CSTACK$$Limit           0x2000'2150         Data  Gb  - Linker created -
Region$$Table$$Base      0x800'0498          --   Gb  - Linker created -
Region$$Table$$Limit     0x800'04bc          --   Gb  - Linker created -
Reset_Handler            0x800'0505    0x8  Code  Gb  startup.o [1]
SysTick_Handler          0x800'021d    0xa  Code  Gb  bsp.o [1]
__NVIC_SystemReset       0x800'0189   0x1a  Code  Lc  bsp.o [1]
__cmain                  0x800'04bd         Code  Gb  cmain.o [3]
__exit                   0x800'04f1   0x14  Code  Gb  exit.o [4]
__iar_copy_init3         0x800'0441   0x2e  Code  Gb  copy_init3.o [3]
__iar_data_init3         0x800'0471   0x28  Code  Gb  data_init.o [3]
__iar_program_start      0x800'051d         Code  Gb  cstartup_M.o [3]
__iar_zero_init3         0x800'02ff   0x3a  Code  Gb  zero_init3.o [3]
__low_level_init         0x800'04db    0x4  Code  Gb  low_level_init.o [2]
__vector_table           0x800'0000  0x188  Data  Gb  startup.o [1]
_call_main               0x800'04c9         Code  Gb  cmain.o [3]
_exit                    0x800'04e5         Code  Gb  cexit.o [3]
_main                    0x800'04d7         Code  Gb  cmain.o [3]
asser_failed             0x800'02f5    0xa  Code  Gb  bsp.o [1]
exit                     0x800'04df    0x4  Code  Gb  exit.o [2]
gpio_init                0x800'0227   0x86  Code  Gb  bsp.o [1]
gpio_reset               0x800'02e9    0xc  Code  Gb  bsp.o [1]
gpio_set                 0x800'02e1    0x8  Code  Gb  bsp.o [1]
l_tickCtr               0x2000'0148    0x4  Data  Lc  bsp.o [1]
main                     0x800'0339   0xd0  Code  Gb  main.o [1]
main_blink_1             0x800'0411   0x18  Code  Gb  main.o [1]
main_blink_2             0x800'0429   0x18  Code  Gb  main.o [1]
sp_blink_1              0x2000'0000    0x4  Data  Gb  main.o [1]
sp_blink_2              0x2000'0004    0x4  Data  Gb  main.o [1]
stack_blink_1           0x2000'0008   0xa0  Data  Gb  main.o [1]
stack_blink_2           0x2000'00a8   0xa0  Data  Gb  main.o [1]
systick_init             0x800'0209   0x14  Code  Gb  bsp.o [1]
unused_handler           0x800'050d    0xa  Code  Gb  startup.o [1]


[1] = C:\Developer\STM32L475\rtos_scratch\rtos_scratch\Debug\Obj
[2] = dl7M_tln.a
[3] = rt7M_tl.a
[4] = shb_l.a

    892 bytes of readonly  code memory
    452 bytes of readonly  data memory
  8'524 bytes of readwrite data memory

Errors: none
Warnings: none
